// Jest Snapshot v1, https://goo.gl/fbAQLP

exports[`test to see if the environment renders correctly 1`] = `
<div
  className="col-12 col-sm-6 col-lg-4"
>
  <div
    className="card-header"
  >
    <h2
      className="mb-0"
    >
      US
       
      T3
    </h2>
  </div>
  <div
    className="text-white bg-primary card"
  >
    <div
      className="card-body pb-0 card-block"
    >
      <div
        className="padding-10 row"
      >
        <div
          className="col-12 col-sm-6 col-lg-7"
        >
          <h3>
            Current ERT Version
          </h3>
        </div>
        <div
          className="col-12 col-sm-6 col-lg-5"
        >
          <h3>
            TBC
          </h3>
        </div>
      </div>
      <div
        className="padding-10 row"
      >
        <div
          className="col-12 col-sm-6 col-lg-7"
        >
          <h3>
            Staged ERT Version
          </h3>
        </div>
        <div
          className="col-12 col-sm-6 col-lg-5"
        >
          <h3>
            N/A
          </h3>
        </div>
      </div>
    </div>
  </div>
</div>
`;
