// Jest Snapshot v1, https://goo.gl/fbAQLP

exports[`Environments test to see if the environments renders correctly 1`] = `
<Row
  tag="div"
>
  <Col
    tag="div"
    widths={
      Array [
        "xs",
        "sm",
        "md",
        "lg",
        "xl",
      ]
    }
  >
    <Card
      tag="div"
    >
      <CardHeader
        tag="div"
      >
        <h1
          className="mb-0"
        >
          Environments
          <div
            className="align-bottom float-right"
          >
            <Spinner
              className="align-middle"
              loading={false}
              size="15"
            />
          </div>
        </h1>
      </CardHeader>
      <CardBlock
        className="card-body"
        tag="div"
      >
        <Row
          tag="div"
        >
          <Environment
            env={
              Object {
                "foundation": "T3",
                "id": "US-T3",
                "products": Object {
                  "buildInfo": Object {
                    "buildGlobalIdentifier": "56",
                    "buildNumber": "22",
                    "buildUrl": "http://myconcourse-on-us-t3.com/builds/56",
                    "failedJobName": "configure-ert",
                    "pipelineName": "upgrade-tile-ert",
                  },
                  "currentVersionERT": "1.10.13",
                  "currentVersionERTInS3": "1.10.18",
                  "name": "elastic-runtime",
                  "pcfPipelineVersion": "1.15.1",
                  "pipelineStatus": "failed",
                  "stagedVersionERT": "",
                },
                "region": "US",
              }
            }
            key="US-T3"
          />
          <Environment
            env={
              Object {
                "foundation": "prod",
                "id": "US-prod",
                "products": Object {
                  "buildInfo": Object {
                    "buildGlobalIdentifier": "56",
                    "buildNumber": "22",
                    "buildUrl": "http://myconcourse-on-us-prod.com/builds/56",
                    "failedJobName": "configure-ert",
                    "pipelineName": "upgrade-tile-ert",
                  },
                  "currentVersionERT": "1.10.13",
                  "currentVersionERTInS3": "1.10.18",
                  "name": "elastic-runtime",
                  "pcfPipelineVersion": "1.15.1",
                  "pipelineStatus": "failed",
                  "stagedVersionERT": "",
                },
                "region": "US",
              }
            }
            key="US-prod"
          />
        </Row>
      </CardBlock>
    </Card>
  </Col>
</Row>
`;
